Microchip MPLAB XC8 Compiler V3.00

Linker command line:

-W-3 \
  --edf=C:\Program Files\Microchip\xc8\v3.00\pic\dat\20241204225717_en.msgs \
  -cn -h+dist/default/production\JOGGING.X.production.sym \
  --cmf=dist/default/production\JOGGING.X.production.cmf -z -Q16F887 \
  -oC:\Users\jos_l\AppData\Local\Temp\xcAsruk.\driver_tmp_3.o \
  --defsym=__MPLAB_BUILD=1 --fixupoverflow=error \
  -Mdist/default/production/JOGGING.X.production.map \
  --md=C:\Users\jos_l\AppData\Local\Temp\xcAsruk.\driver_tmp_0.dat -E1 \
  -ver=XC8 Compiler -ACODE=00h-07FFhx4 -ASTRCODE=00h-01FFFh \
  -ASTRING=00h-0FFhx32 -ACONST=00h-0FFhx32 -AENTRY=00h-0FFhx32 \
  -ACOMMON=070h-07Fh -ABANK0=020h-06Fh -ABANK1=0A0h-0EFh \
  -ABANK2=0110h-016Fh -ABANK3=0190h-01EFh \
  -ARAM=020h-06Fh,0A0h-0EFh,0110h-016Fh,0190h-01EFh \
  -AABS1=020h-07Fh,0A0h-0EFh,0110h-016Fh,0190h-01EFh -ASFR0=00h-01Fh \
  -ASFR1=080h-09Fh -ASFR2=0100h-010Fh -ASFR3=0180h-018Fh \
  -ACONFIG=02007h-02008h -DCONFIG=2 -AIDLOC=02000h-02003h -DIDLOC=2 \
  -AEEDATA=00h-0FFh/02100h -peeprom_data=EEDATA -DEEDATA=2 -DCODE=2 \
  -DSTRCODE=2 -DSTRING=2 -DCONST=2 -DENTRY=2 \
  -preset_vec=00h,intentry=04h,sivt,init,end_init -ppowerup=CODE \
  -pcinit=CODE -pfunctab=ENTRY -k \
  C:\Users\jos_l\AppData\Local\Temp\xcAsruk.\driver_tmp_12.o \
  dist/default/production\JOGGING.X.production.o 

Object code version is 3.11

Machine type is 16F887



                Name                               Link     Load   Length Selector   Space Scale
C:\Users\jos_l\AppData\Local\Temp\xcAsruk.\driver_tmp_12.o
                end_init                              C        C        3        8       0
                reset_vec                             0        0        3        0       0
                config                             2007     2007        1        0       4
dist/default/production\JOGGING.X.production.o
                cinit                                 F        F       15        8       0
                intentry                              4        4        8        8       0
                config                             2007     2007        1        0       4
                text14                              38E      38E       12      13E       0
                text13                              2F8      2F8       2B      13E       0
                text12                              2CD      2CD       2B      13E       0
                text11                              201      201       4B      13E       0
                text10                              1B6      1B6       4B      13E       0
                text9                               165      165       51      13E       0
                text8                               3A0      3A0        C      13E       0
                text7                               24C      24C       47      13E       0
                text6                               293      293       3A      13E       0
                text5                               106      106       5F      13E       0
                text4                               341      341       1E      13E       0
                text3                               377      377       17      13E       0
                text2                                9F       9F       67      13E       0
                text1                               323      323       1E      13E       0
                maintext                            35F      35F       18      13E       0
                cstackBANK0                          38       38        2       20       1
                cstackCOMMON                         70       70        A       70       1
                clrtext                             3AC      3AC        8      13E       0
                dataBANK0                            3A       3A        1       20       1
                bssBANK0                             20       20       18       20       1
                bssCOMMON                            7A       7A        2       70       1
                strings                              24       24       7B       48       0
                idataBANK0                          3B4      3B4        1      13E       0

TOTAL           Name                               Link     Load   Length     Space
        CLASS   CODE           
                end_init                              C        C        3         0
                cinit                                 F        F       15         0
                intentry                              4        4        8         0
                reset_vec                             0        0        3         0
                text14                              38E      38E       12         0
                text13                              2F8      2F8       2B         0
                text12                              2CD      2CD       2B         0
                text11                              201      201       4B         0
                text10                              1B6      1B6       4B         0
                text9                               165      165       51         0
                text8                               3A0      3A0        C         0
                text7                               24C      24C       47         0
                text6                               293      293       3A         0
                text5                               106      106       5F         0
                text4                               341      341       1E         0
                text3                               377      377       17         0
                text2                                9F       9F       67         0
                text1                               323      323       1E         0
                maintext                            35F      35F       18         0
                clrtext                             3AC      3AC        8         0
                idataBANK0                          3B4      3B4        1         0

        CLASS   STRCODE        

        CLASS   STRING         
                strings                              24       24       7B         0

        CLASS   CONST          

        CLASS   ENTRY          

        CLASS   COMMON         
                cstackCOMMON                         70       70        A         1
                bssCOMMON                            7A       7A        2         1

        CLASS   BANK0          
                cstackBANK0                          38       38        2         1
                dataBANK0                            3A       3A        1         1
                bssBANK0                             20       20       18         1

        CLASS   BANK1          

        CLASS   BANK2          

        CLASS   BANK3          

        CLASS   RAM            

        CLASS   ABS1           
                abs_s1                               7E       7E        2         1

        CLASS   SFR0           

        CLASS   SFR1           

        CLASS   SFR2           

        CLASS   SFR3           

        CLASS   CONFIG         
                config                             2007     2007        1         4

        CLASS   IDLOC          

        CLASS   EEDATA         

        CLASS   HEAP           

        CLASS   STACK          



SEGMENTS        Name                           Load    Length   Top    Selector   Space  Class     Delta

                reset_vec                      000000  000003  000003         0       0  CODE        2
                intentry                       000004  000020  000024         8       0  CODE        2
                bssBANK0                       000020  00001B  00003B        20       1  BANK0       1
                strings                        000024  00007B  00009F        48       0  STRING      2
                cstackCOMMON                   000070  00000C  00007C        70       1  COMMON      1
                text2                          00009F  000316  0003B5       13E       0  CODE        2


UNUSED ADDRESS RANGES

        Name                Unused          Largest block    Delta
        BANK0            003B-006F             35           1
        BANK1            00A0-00EF             50           1
        BANK2            0110-016F             60           1
        BANK3            0190-01EF             60           1
        CODE             0003-0003              1           2
                         03B5-1FFF            800
        COMMON           007C-007D              2           1
        CONFIG           2008-2008              1           2
        CONST            0003-0003              1           2
                         03B5-1FFF            100
        EEDATA           2100-21FF            100           2
        ENTRY            0003-0003              1           2
                         03B5-1FFF            100
        IDLOC            2000-2003              4           2
        RAM              003B-006F             35           1
                         00A0-00EF             50
                         0110-016F             60
                         0190-01EF             60
        SFR0             0000-001F             20           1
        SFR1             0080-009F             20           1
        SFR2             0100-010F             10           1
        SFR3             0180-018F             10           1
        STRCODE          0003-0003              1           2
                         03B5-1FFF           1C4B
        STRING           0003-0003              1           2
                         03B5-1FFF            100

                                  Symbol Table

Jogging@current_jog_button   cstackCOMMON 0072
Jogging@last_jog_button      dataBANK0    003A
LCD_PrintString@str          cstackCOMMON 0079
LCD_SendByte@byte            cstackCOMMON 0078
LCD_SendByte@isData          cstackCOMMON 0075
LCD_SendNibble@nibble        cstackCOMMON 0074
LCD_SetCursor@address        cstackBANK0  0039
LCD_SetCursor@col            cstackCOMMON 0079
LCD_SetCursor@row            cstackBANK0  0038
_ANSEL                       (abs)        0188
_ANSELH                      (abs)        0189
_INTCONbits                  (abs)        000B
_ISR                         text14       038E
_Jogging                     text9        0165
_LCD_Init                    text5        0106
_LCD_PrintString             text4        0341
_LCD_PulseEnable             text8        03A0
_LCD_SendByte                text6        0293
_LCD_SendNibble              text7        024C
_LCD_SetCursor               text3        0377
_LCD_UpdateDisplay           text2        009F
_OPTION_REG                  (abs)        0081
_OSCCON                      (abs)        008F
_PORTB                       (abs)        0006
_PORTC                       (abs)        0007
_PORTD                       (abs)        0008
_RB0                         (abs)        0030
_RB1                         (abs)        0031
_RB2                         (abs)        0032
_RB5                         (abs)        0035
_RC0                         (abs)        0038
_RC1                         (abs)        0039
_RC2                         (abs)        003A
_RC3                         (abs)        003B
_RC4                         (abs)        003C
_RC5                         (abs)        003D
_RD0                         (abs)        0040
_RD1                         (abs)        0041
_RD2                         (abs)        0042
_RD3                         (abs)        0043
_TMR0                        (abs)        0001
_TRISB                       (abs)        0086
_TRISC                       (abs)        0087
_TRISD                       (abs)        0088
__H__absolute__              __absolute__ 0000
__Habs1                      abs1         0000
__Hbank0                     bank0        0000
__Hbank1                     bank1        0000
__Hbank2                     bank2        0000
__Hbank3                     bank3        0000
__HbssBANK0                  bssBANK0     0000
__HbssCOMMON                 bssCOMMON    0000
__Hcinit                     cinit        0024
__Hclrtext                   clrtext      0000
__Hcode                      code         0000
__Hcommon                    common       0000
__Hconfig                    config       2008
__HcstackBANK0               cstackBANK0  0000
__HcstackCOMMON              cstackCOMMON 0000
__HdataBANK0                 dataBANK0    0000
__Heeprom_data               eeprom_data  0000
__Hend_init                  end_init     000F
__Hfunctab                   functab      0000
__Hheap                      heap         0000
__HidataBANK0                idataBANK0   0000
__Hinit                      init         000C
__Hintentry                  intentry     000C
__Hmaintext                  maintext     0000
__Hpowerup                   powerup      0000
__Hram                       ram          0000
__Hreset_vec                 reset_vec    0003
__Hsfr0                      sfr0         0000
__Hsfr1                      sfr1         0000
__Hsfr2                      sfr2         0000
__Hsfr3                      sfr3         0000
__Hsivt                      sivt         000C
__Hspace_0                   (abs)        03B5
__Hspace_1                   (abs)        007C
__Hspace_2                   (abs)        0000
__Hspace_3                   (abs)        0000
__Hspace_4                   (abs)        400F
__Hstack                     stack        0000
__Hstrings                   strings      0000
__Htext                      text         0000
__L__absolute__              __absolute__ 0000
__Labs1                      abs1         0000
__Lbank0                     bank0        0000
__Lbank1                     bank1        0000
__Lbank2                     bank2        0000
__Lbank3                     bank3        0000
__LbssBANK0                  bssBANK0     0000
__LbssCOMMON                 bssCOMMON    0000
__Lcinit                     cinit        000F
__Lclrtext                   clrtext      0000
__Lcode                      code         0000
__Lcommon                    common       0000
__Lconfig                    config       0000
__LcstackBANK0               cstackBANK0  0000
__LcstackCOMMON              cstackCOMMON 0000
__LdataBANK0                 dataBANK0    0000
__Leeprom_data               eeprom_data  0000
__Lend_init                  end_init     000C
__Lfunctab                   functab      0000
__Lheap                      heap         0000
__LidataBANK0                idataBANK0   0000
__Linit                      init         000C
__Lintentry                  intentry     0004
__Lmaintext                  maintext     0000
__Lpowerup                   powerup      0000
__Lram                       ram          0000
__Lreset_vec                 reset_vec    0000
__Lsfr0                      sfr0         0000
__Lsfr1                      sfr1         0000
__Lsfr2                      sfr2         0000
__Lsfr3                      sfr3         0000
__Lsivt                      sivt         000C
__Lspace_0                   (abs)        0000
__Lspace_1                   (abs)        0000
__Lspace_2                   (abs)        0000
__Lspace_3                   (abs)        0000
__Lspace_4                   (abs)        0000
__Lstack                     stack        0000
__Lstrings                   strings      0000
__Ltext                      text         0000
__S0                         (abs)        03B5
__S1                         (abs)        007C
__S3                         (abs)        0000
___heap_hi                   (abs)        0000
___heap_lo                   (abs)        0000
___int_sp                    stack        0000
___int_stack_hi              stack        0000
___int_stack_lo              stack        0000
___latbits                   (abs)        0002
___sp                        stack        0000
___stack_hi                  stack        0000
___stack_lo                  stack        0000
___stackhi                   (abs)        0000
___stacklo                   (abs)        0000
__end_of_ISR                 text14       03A0
__end_of_Jogging             text9        01B6
__end_of_LCD_Init            text5        0165
__end_of_LCD_PrintString     text4        035F
__end_of_LCD_PulseEnable     text8        03AC
__end_of_LCD_SendByte        text6        02CD
__end_of_LCD_SendNibble      text7        0293
__end_of_LCD_SetCursor       text3        038E
__end_of_LCD_UpdateDisplay   text2        0106
__end_of__initialization     cinit        0020
__end_of__stringtab          strings      002A
__end_of_configPIC           text1        0341
__end_of_fullStepDerecha     text13       0323
__end_of_fullStepIzquierda   text12       02F8
__end_of_halfStepDerecha     text11       024C
__end_of_halfStepIzquierda   text10       0201
__end_of_main                maintext     0377
__initialization             cinit        000F
__pbssBANK0                  bssBANK0     0020
__pbssCOMMON                 bssCOMMON    007A
__pcstackBANK0               cstackBANK0  0038
__pcstackCOMMON              cstackCOMMON 0070
__pdataBANK0                 dataBANK0    003A
__pidataBANK0                idataBANK0   03B4
__pintentry                  intentry     0004
__pmaintext                  maintext     035F
__pstrings                   strings      0024
__ptext1                     text1        0323
__ptext10                    text10       01B6
__ptext11                    text11       0201
__ptext12                    text12       02CD
__ptext13                    text13       02F8
__ptext14                    text14       038E
__ptext2                     text2        009F
__ptext3                     text3        0377
__ptext4                     text4        0341
__ptext5                     text5        0106
__ptext6                     text6        0293
__ptext7                     text7        024C
__ptext8                     text8        03A0
__ptext9                     text9        0165
__stringbase                 strings      0029
__stringtab                  strings      0024
_configPIC                   text1        0323
_fullStepDerecha             text13       02F8
_fullStepIzquierda           text12       02CD
_halfStepDerecha             text11       0201
_halfStepIzquierda           text10       01B6
_main                        maintext     035F
_media_vuelta_derecha_flag   bssCOMMON    007B
_media_vuelta_izquierda_flag bssCOMMON    007A
_pasos_restantes             bssBANK0     0031
_timer_flag                  bssBANK0     0037
btemp                        (abs)        007E
clear_ram0                   clrtext      03AC
end_of_initialization        cinit        0020
fullStepDerecha@paso         bssBANK0     0036
fullStepIzquierda@paso       bssBANK0     0035
halfStepDerecha@paso         bssBANK0     0034
halfStepIzquierda@paso       bssBANK0     0033
interrupt_function           intentry     0004
intlevel0                    functab      0000
intlevel1                    functab      0000
intlevel2                    functab      0000
intlevel3                    functab      0000
intlevel4                    functab      0000
intlevel5                    functab      0000
reset_vec                    reset_vec    0000
saved_w                      (abs)        007E
start                        init         000C
start_initialization         cinit        000F
wtemp0                       (abs)        007E


MODULE INFORMATION

Module		Function		Class		Link	Load	Size
shared
		__stringtab    		STRING         	0024	0000	6
		__initialization		CODE           	000F	0000	17

shared estimated size: 23

JOGGING.c
		_LCD_Init      		CODE           	0106	0000	95
		_ISR           		CODE           	038E	0000	18
		_LCD_SendByte  		CODE           	0293	0000	58
		_LCD_PrintString		CODE           	0341	0000	30
		_LCD_PulseEnable		CODE           	03A0	0000	12
		_Jogging       		CODE           	0165	0000	81
		_main          		CODE           	035F	0000	24
		_LCD_SendNibble		CODE           	024C	0000	71
		_LCD_SetCursor 		CODE           	0377	0000	23
		_fullStepIzquierda		CODE           	02CD	0000	43
		_halfStepIzquierda		CODE           	01B6	0000	75
		_configPIC     		CODE           	0323	0000	30
		_LCD_UpdateDisplay		CODE           	009F	0000	103
		_fullStepDerecha		CODE           	02F8	0000	43
		_halfStepDerecha		CODE           	0201	0000	75

JOGGING.c estimated size: 781

